// Jest Snapshot v1, https://goo.gl/fbAQLP

exports[`Analyze Danceability "test/audio/scale-piano.wav" 1`] = `1.1009137630462646`;

exports[`Analyze Danceability "test/audio/velocity-piano.wav" 1`] = `0.8397646546363831`;

exports[`Analyze Duration "test/audio/scale-piano.wav" 1`] = `8`;

exports[`Analyze Duration "test/audio/velocity-piano.wav" 1`] = `8`;

exports[`Analyze Energy "test/audio/scale-piano.wav" 1`] = `1567.6304931640625`;

exports[`Analyze Energy "test/audio/velocity-piano.wav" 1`] = `342.1805419921875`;

exports[`Analyze Key "test/audio/scale-piano.wav" 1`] = `"C"`;

exports[`Analyze Key "test/audio/velocity-piano.wav" 1`] = `"C"`;

exports[`Analyze Loudness "test/audio/scale-piano.wav" 1`] = `-25.142505645751953`;

exports[`Analyze Loudness "test/audio/velocity-piano.wav" 1`] = `-31.488279342651367`;

exports[`Analyze Pitches "test/audio/scale-piano.wav" 1`] = `
Object {
  "frequency": 32.859642028808594,
  "midi": 24,
  "name": "C",
  "octave": 2,
}
`;

exports[`Analyze Pitches "test/audio/velocity-piano.wav" 1`] = `
Object {
  "frequency": 263.2983703613281,
  "midi": 60,
  "name": "C",
  "octave": 5,
}
`;

exports[`Analyze Scale "test/audio/scale-piano.wav" 1`] = `"major"`;

exports[`Analyze Scale "test/audio/velocity-piano.wav" 1`] = `"minor"`;

exports[`Analyze Speed "test/audio/scale-piano.wav" 1`] = `120.18531799316406`;

exports[`Analyze Speed "test/audio/velocity-piano.wav" 1`] = `119.83695983886719`;
